
> ortodoncia-rajevic@0.0.0 build
> next build

  ▲ Next.js 14.2.35
  - Environments: .env

   Creating an optimized production build ...
 ✓ Compiled successfully
   Linting and checking validity of types ...
   Collecting page data ...
   Generating static pages (0/20) ...
ReferenceError: BlogGrid is not defined
    at u (/Users/valgreen/.gemini/antigravity/scratch/ortodoncia-rajevic/.next/server/app/invisalign-vitacura/page.js:1:16545)
    at nj (/Users/valgreen/.gemini/antigravity/scratch/ortodoncia-rajevic/node_modules/next/dist/compiled/next-server/app-page.runtime.prod.js:12:46252)
    at nM (/Users/valgreen/.gemini/antigravity/scratch/ortodoncia-rajevic/node_modules/next/dist/compiled/next-server/app-page.runtime.prod.js:12:47572)
    at nM (/Users/valgreen/.gemini/antigravity/scratch/ortodoncia-rajevic/node_modules/next/dist/compiled/next-server/app-page.runtime.prod.js:12:61547)
    at nL (/Users/valgreen/.gemini/antigravity/scratch/ortodoncia-rajevic/node_modules/next/dist/compiled/next-server/app-page.runtime.prod.js:12:64547)
    at nB (/Users/valgreen/.gemini/antigravity/scratch/ortodoncia-rajevic/node_modules/next/dist/compiled/next-server/app-page.runtime.prod.js:12:67539)
    at nD (/Users/valgreen/.gemini/antigravity/scratch/ortodoncia-rajevic/node_modules/next/dist/compiled/next-server/app-page.runtime.prod.js:12:66681)
    at nL (/Users/valgreen/.gemini/antigravity/scratch/ortodoncia-rajevic/node_modules/next/dist/compiled/next-server/app-page.runtime.prod.js:12:64854)
    at nB (/Users/valgreen/.gemini/antigravity/scratch/ortodoncia-rajevic/node_modules/next/dist/compiled/next-server/app-page.runtime.prod.js:12:67539)
    at nD (/Users/valgreen/.gemini/antigravity/scratch/ortodoncia-rajevic/node_modules/next/dist/compiled/next-server/app-page.runtime.prod.js:12:66681) {
  digest: '1646463160'
}

Error occurred prerendering page "/invisalign-vitacura". Read more: https://nextjs.org/docs/messages/prerender-error

ReferenceError: BlogGrid is not defined
    at u (/Users/valgreen/.gemini/antigravity/scratch/ortodoncia-rajevic/.next/server/app/invisalign-vitacura/page.js:1:16545)
    at nj (/Users/valgreen/.gemini/antigravity/scratch/ortodoncia-rajevic/node_modules/next/dist/compiled/next-server/app-page.runtime.prod.js:12:46252)
    at nM (/Users/valgreen/.gemini/antigravity/scratch/ortodoncia-rajevic/node_modules/next/dist/compiled/next-server/app-page.runtime.prod.js:12:47572)
    at nM (/Users/valgreen/.gemini/antigravity/scratch/ortodoncia-rajevic/node_modules/next/dist/compiled/next-server/app-page.runtime.prod.js:12:61547)
    at nL (/Users/valgreen/.gemini/antigravity/scratch/ortodoncia-rajevic/node_modules/next/dist/compiled/next-server/app-page.runtime.prod.js:12:64547)
    at nB (/Users/valgreen/.gemini/antigravity/scratch/ortodoncia-rajevic/node_modules/next/dist/compiled/next-server/app-page.runtime.prod.js:12:67539)
    at nD (/Users/valgreen/.gemini/antigravity/scratch/ortodoncia-rajevic/node_modules/next/dist/compiled/next-server/app-page.runtime.prod.js:12:66681)
    at nL (/Users/valgreen/.gemini/antigravity/scratch/ortodoncia-rajevic/node_modules/next/dist/compiled/next-server/app-page.runtime.prod.js:12:64854)
    at nB (/Users/valgreen/.gemini/antigravity/scratch/ortodoncia-rajevic/node_modules/next/dist/compiled/next-server/app-page.runtime.prod.js:12:67539)
    at nD (/Users/valgreen/.gemini/antigravity/scratch/ortodoncia-rajevic/node_modules/next/dist/compiled/next-server/app-page.runtime.prod.js:12:66681)
   Generating static pages (5/20) 
   Generating static pages (10/20) 
   Generating static pages (15/20) 
 ✓ Generating static pages (20/20)

> Export encountered errors on following paths:
	/invisalign-vitacura/page: /invisalign-vitacura
